{
  "rung_wrfout": "<USER_HOME>/src/wrf_gpu2_wt/parallel-compile/proofs/v022/k2_dt_ladder/runs/R2/out/wrfout_d01_2023-01-15_02:00:00",
  "r1_wrfout": "<USER_HOME>/src/wrf_gpu2_wt/parallel-compile/proofs/v022/k2_dt_ladder/runs/R1/out/wrfout_d01_2023-01-15_02:00:00",
  "fields": {
    "T2": {
      "rmse": 0.015189610325014884,
      "max_abs_diff": 0.22320556640625,
      "bias": 0.0011146720498800278,
      "band_rmse": 0.5,
      "rmse_over_band": 0.030379220650029768,
      "within_band": true
    },
    "U10": {
      "rmse": 0.046243031089943466,
      "max_abs_diff": 0.5499292612075806,
      "bias": 0.0009003448078921394,
      "band_rmse": 0.75,
      "rmse_over_band": 0.061657374786591286,
      "within_band": true
    },
    "V10": {
      "rmse": 0.04122267400371705,
      "max_abs_diff": 0.39298492670059204,
      "bias": -0.004742472889483373,
      "band_rmse": 0.75,
      "rmse_over_band": 0.054963565338289395,
      "within_band": true
    },
    "PSFC": {
      "rmse": 8.883513503902732,
      "max_abs_diff": 20.3125,
      "bias": 8.493631362915039,
      "band_rmse": 60.0,
      "rmse_over_band": 0.14805855839837886,
      "within_band": true
    },
    "T": {
      "rmse": 0.029360343681587207,
      "max_abs_diff": 0.545196533203125,
      "bias": -0.006734150038524108,
      "band_rmse": 0.75,
      "rmse_over_band": 0.03914712490878294,
      "within_band": true
    },
    "U": {
      "rmse": 0.04228899541883524,
      "max_abs_diff": 0.8043837547302246,
      "bias": -0.004634712188196025,
      "band_rmse": 1.5,
      "rmse_over_band": 0.028192663612556828,
      "within_band": true
    },
    "V": {
      "rmse": 0.03968469887625329,
      "max_abs_diff": 0.8052196502685547,
      "bias": 0.003111061274237428,
      "band_rmse": 1.5,
      "rmse_over_band": 0.026456465917502194,
      "within_band": true
    },
    "W": {
      "rmse": 0.008075290748000162,
      "max_abs_diff": 0.14024996757507324,
      "bias": 0.00019924075457916624,
      "band_rmse": 0.5,
      "rmse_over_band": 0.016150581496000325,
      "within_band": true
    },
    "QVAPOR": {
      "rmse": 8.521014236131452e-07,
      "max_abs_diff": 6.571132689714432e-05,
      "bias": -2.3486835084277572e-08,
      "band_rmse": 0.0005,
      "rmse_over_band": 0.0017042028472262904,
      "within_band": true
    }
  },
  "within_operational_band": true,
  "worst_rmse_over_band": 0.14805855839837886
}
