wrote proofs/v020/s4/1km_demo_20260621T200404Z/fp32_aggressive_650x650x45_steps10_cadence10_segment1_tile64_lwcloudfp32.json
{
  "acoustic_precision_mode": "mixed_perturb_fp32_v020",
  "aggressive_fp32": true,
  "env": {
    "GPUWRF_RRTMG_LW_CLOUD_OPTICS_FP32": "1",
    "GPUWRF_RRTMG_LW_COLUMN_TILE_COLS": "64",
    "GPUWRF_RRTMG_LW_COLUMN_TILING": null,
    "GPUWRF_RRTMG_SW_COLUMN_TILE_COLS": "64",
    "GPUWRF_RRTMG_SW_COLUMN_TILING": null,
    "JAX_ENABLE_X64": "true",
    "JAX_PLATFORMS": null,
    "JAX_PLATFORM_NAME": null,
    "XLA_PYTHON_CLIENT_ALLOCATOR": "platform",
    "XLA_PYTHON_CLIENT_PREALLOCATE": "false"
  },
  "error": null,
  "force_fp64": false,
  "forecast": {
    "bl_pbl_physics": 5,
    "cu_physics": 0,
    "dt_s": 6.0,
    "hours": 0.016666666666666666,
    "mp_physics": 8,
    "ra_lw_physics": 4,
    "ra_sw_physics": 4,
    "radiation_cadence_steps": 10,
    "radiation_calls_expected": 1,
    "run_boundary": false,
    "run_physics": true,
    "runtime_entry": "run_forecast_operational_segmented",
    "segment_steps": 1,
    "sf_sfclay_physics": 5,
    "steps": 10
  },
  "grid": {
    "cols": 422500,
    "dx_m": 1000.0,
    "dy_m": 1000.0,
    "nx": 650,
    "ny": 650,
    "nz": 45
  },
  "ok": true,
  "oom": false,
  "peak_vram_mib": null,
  "proof": "v020-s4-1km-full-physics-capability",
  "regime": "aggressive",
  "stability": {
    "all_finite": false,
    "mu_max_pa": 90000.0,
    "mu_min_pa": 90000.0,
    "nonfinite_fields": {
      "fltv": 422500,
      "p_perturbation": 19012500,
      "p_total": 19012500,
      "ph_perturbation": 19012500,
      "ph_total": 19012500,
      "qv_flux": 422500,
      "rhosfc": 422500,
      "tau_u": 422500,
      "tau_v": 422500,
      "theta_flux": 422500,
      "u": 19041750,
      "ustar": 422500,
      "v": 19041750,
      "w": 19435000
    },
    "p_max_pa": NaN,
    "p_min_pa": NaN,
    "qv_max": 0.011488360352814198,
    "qv_min": 4.4081311898480635e-06,
    "theta_max_k": 321.0592346191406,
    "theta_min_k": 300.2220153808594,
    "w_max_abs_ms": NaN
  },
  "state_dtype_fraction_fp32": 0.5443890149112037,
  "wall_s": 500.878513392061
}
