wrote proofs/v020/s4/1km_demo_20260621T200404Z/fp32_aggressive_700x700x45_step1_tile64_lwcloudfp32.json
{
  "acoustic_precision_mode": "mixed_perturb_fp32_v020",
  "aggressive_fp32": true,
  "env": {
    "GPUWRF_RRTMG_LW_CLOUD_OPTICS_FP32": "1",
    "GPUWRF_RRTMG_LW_COLUMN_TILE_COLS": "64",
    "GPUWRF_RRTMG_LW_COLUMN_TILING": null,
    "GPUWRF_RRTMG_SW_COLUMN_TILE_COLS": "64",
    "GPUWRF_RRTMG_SW_COLUMN_TILING": null,
    "JAX_ENABLE_X64": "true",
    "JAX_PLATFORMS": null,
    "JAX_PLATFORM_NAME": null,
    "XLA_PYTHON_CLIENT_ALLOCATOR": "platform",
    "XLA_PYTHON_CLIENT_PREALLOCATE": "false"
  },
  "error": null,
  "force_fp64": false,
  "forecast": {
    "bl_pbl_physics": 5,
    "cu_physics": 0,
    "dt_s": 6.0,
    "hours": 0.0016666666666666668,
    "mp_physics": 8,
    "ra_lw_physics": 4,
    "ra_sw_physics": 4,
    "radiation_cadence_steps": 1,
    "radiation_calls_expected": 1,
    "run_boundary": false,
    "run_physics": true,
    "runtime_entry": "run_forecast_operational_segmented",
    "segment_steps": 1,
    "sf_sfclay_physics": 5,
    "steps": 1
  },
  "grid": {
    "cols": 490000,
    "dx_m": 1000.0,
    "dy_m": 1000.0,
    "nx": 700,
    "ny": 700,
    "nz": 45
  },
  "ok": true,
  "oom": false,
  "peak_vram_mib": null,
  "proof": "v020-s4-1km-full-physics-capability",
  "regime": "aggressive",
  "stability": {
    "all_finite": true,
    "mu_max_pa": 90000.0,
    "mu_min_pa": 90000.0,
    "nonfinite_fields": {},
    "p_max_pa": 99165.033375369,
    "p_min_pa": 5191.892492958621,
    "qv_max": 0.011488344520330429,
    "qv_min": 4.949280992150307e-06,
    "theta_max_k": 321.0593566894531,
    "theta_min_k": 300.2215270996094,
    "w_max_abs_ms": 166.40033823936736
  },
  "state_dtype_fraction_fp32": 0.5446330989663347,
  "wall_s": 719.5251427821349
}
