E0621 21:18:43.197089 3532083 gpu_hlo_schedule.cc:946] The byte size of input/output arguments (29313640536) exceeds the base limit (26931888128). This indicates an error in the calculation!
W0621 21:18:49.055448 3532018 hlo_rematerialization.cc:3233] Can't reduce memory use below 13.71GiB (14720527205 bytes) by rematerialization; only reduced to 21.63GiB (23223611164 bytes), down from 39.95GiB (42891613444 bytes) originally
E0621 21:19:47.527309 3532018 cuda_executor.cc:1206] [0] Failed to allocate device memory: INTERNAL: [0] Failed to allocate 27.17GiB (29170450904 bytes) of device memory: : CUDA_ERROR_OUT_OF_MEMORY: out of memory
wrote proofs/v020/s4/1km_demo_20260621T200404Z/fp32_aggressive_1000x1000x45_step1_tile64.json
{
  "acoustic_precision_mode": "mixed_perturb_fp32_v020",
  "aggressive_fp32": true,
  "env": {
    "GPUWRF_RRTMG_LW_COLUMN_TILE_COLS": "64",
    "GPUWRF_RRTMG_LW_COLUMN_TILING": null,
    "GPUWRF_RRTMG_SW_COLUMN_TILE_COLS": "64",
    "GPUWRF_RRTMG_SW_COLUMN_TILING": null,
    "JAX_ENABLE_X64": "true",
    "JAX_PLATFORMS": null,
    "JAX_PLATFORM_NAME": null,
    "XLA_PYTHON_CLIENT_ALLOCATOR": "platform",
    "XLA_PYTHON_CLIENT_PREALLOCATE": "false"
  },
  "error": "JaxRuntimeError: RESOURCE_EXHAUSTED: Failed to allocate request for 27.17GiB (29170450904B) on device ordinal 0",
  "force_fp64": false,
  "forecast": {
    "bl_pbl_physics": 5,
    "cu_physics": 0,
    "dt_s": 6.0,
    "hours": 0.0016666666666666668,
    "mp_physics": 8,
    "ra_lw_physics": 4,
    "ra_sw_physics": 4,
    "radiation_cadence_steps": 1,
    "radiation_calls_expected": 1,
    "run_boundary": false,
    "run_physics": true,
    "runtime_entry": "run_forecast_operational_segmented",
    "segment_steps": 1,
    "sf_sfclay_physics": 5,
    "steps": 1
  },
  "grid": {
    "cols": 1000000,
    "dx_m": 1000.0,
    "dy_m": 1000.0,
    "nx": 1000,
    "ny": 1000,
    "nz": 45
  },
  "ok": false,
  "oom": true,
  "peak_vram_mib": null,
  "proof": "v020-s4-1km-full-physics-capability",
  "regime": "aggressive",
  "stability": null,
  "state_dtype_fraction_fp32": 0.545588932026849,
  "traceback_tail": [
    "Traceback (most recent call last):",
    "  File \"<USER_HOME>/src/wrf_gpu2_wt/v020-s4/proofs/v020/s4/s4_1km_full_physics_demo.py\", line 387, in run_one",
    "    result = run_forecast_operational_segmented(",
    "        state,",
    "    ...<2 lines>...",
    "        segment_steps=int(args.segment_steps),",
    "    )",
    "  File \"<USER_HOME>/src/wrf_gpu2_wt/v020-s4/src/gpuwrf/runtime/operational_mode.py\", line 4977, in run_forecast_operational_segmented",
    "    jax.block_until_ready(carry.state.theta)",
    "    ~~~~~~~~~~~~~~~~~~~~~^^^^^^^^^^^^^^^^^^^",
    "  File \"<USER_HOME>/miniconda3/lib/python3.13/site-packages/jax/_src/api.py\", line 2581, in block_until_ready",
    "    try_to_block(arrays[0])",
    "    ~~~~~~~~~~~~^^^^^^^^^^^",
    "  File \"<USER_HOME>/miniconda3/lib/python3.13/site-packages/jax/_src/api.py\", line 2564, in try_to_block",
    "    return x.block_until_ready()",
    "           ~~~~~~~~~~~~~~~~~~~^^",
    "jax.errors.JaxRuntimeError: RESOURCE_EXHAUSTED: Failed to allocate request for 27.17GiB (29170450904B) on device ordinal 0"
  ],
  "wall_s": 123.79581505595706
}
