E0621 21:09:24.952695 3508827 gpu_hlo_schedule.cc:946] The byte size of input/output arguments (33268640544) exceeds the base limit (26931888128). This indicates an error in the calculation!
E0621 21:09:29.133936 3508770 gpu_hlo_schedule.cc:946] The byte size of input/output arguments (35629399908) exceeds the base limit (26931888128). This indicates an error in the calculation!
W0621 21:09:33.237100 3508770 hlo_rematerialization.cc:3233] Can't reduce memory use below 15.60GiB (16746473424 bytes) by rematerialization; only reduced to 40.63GiB (43622207036 bytes), down from 52.26GiB (56111947308 bytes) originally
E0621 21:10:41.465843 3508770 cuda_executor.cc:1206] [0] Failed to allocate device memory: INTERNAL: [0] Failed to allocate 381.47MiB (400000000 bytes) of device memory: : CUDA_ERROR_OUT_OF_MEMORY: out of memory
wrote proofs/v020/s4/1km_demo_20260621T200404Z/fp64_1000x1000x50_step1_tile256.json
{
  "acoustic_precision_mode": null,
  "aggressive_fp32": false,
  "env": {
    "GPUWRF_RRTMG_LW_COLUMN_TILE_COLS": "256",
    "GPUWRF_RRTMG_LW_COLUMN_TILING": null,
    "GPUWRF_RRTMG_SW_COLUMN_TILE_COLS": "256",
    "GPUWRF_RRTMG_SW_COLUMN_TILING": null,
    "JAX_ENABLE_X64": "true",
    "JAX_PLATFORMS": null,
    "JAX_PLATFORM_NAME": null,
    "XLA_PYTHON_CLIENT_ALLOCATOR": "platform",
    "XLA_PYTHON_CLIENT_PREALLOCATE": "false"
  },
  "error": "JaxRuntimeError: RESOURCE_EXHAUSTED: Failed to allocate request for 381.47MiB (400000000B) on device ordinal 0",
  "force_fp64": true,
  "forecast": {
    "bl_pbl_physics": 5,
    "cu_physics": 0,
    "dt_s": 6.0,
    "hours": 0.0016666666666666668,
    "mp_physics": 8,
    "ra_lw_physics": 4,
    "ra_sw_physics": 4,
    "radiation_cadence_steps": 1,
    "radiation_calls_expected": 1,
    "run_boundary": false,
    "run_physics": true,
    "runtime_entry": "run_forecast_operational_segmented",
    "segment_steps": 1,
    "sf_sfclay_physics": 5,
    "steps": 1
  },
  "grid": {
    "cols": 1000000,
    "dx_m": 1000.0,
    "dy_m": 1000.0,
    "nx": 1000,
    "ny": 1000,
    "nz": 50
  },
  "ok": false,
  "oom": true,
  "peak_vram_mib": null,
  "proof": "v020-s4-1km-full-physics-capability",
  "regime": "fp64",
  "stability": null,
  "state_dtype_fraction_fp32": 0.0,
  "traceback_tail": [
    "Traceback (most recent call last):",
    "  File \"<USER_HOME>/src/wrf_gpu2_wt/v020-s4/proofs/v020/s4/s4_1km_full_physics_demo.py\", line 387, in run_one",
    "    result = run_forecast_operational_segmented(",
    "        state,",
    "    ...<2 lines>...",
    "        segment_steps=int(args.segment_steps),",
    "    )",
    "  File \"<USER_HOME>/src/wrf_gpu2_wt/v020-s4/src/gpuwrf/runtime/operational_mode.py\", line 4977, in run_forecast_operational_segmented",
    "    jax.block_until_ready(carry.state.theta)",
    "    ~~~~~~~~~~~~~~~~~~~~~^^^^^^^^^^^^^^^^^^^",
    "  File \"<USER_HOME>/miniconda3/lib/python3.13/site-packages/jax/_src/api.py\", line 2581, in block_until_ready",
    "    try_to_block(arrays[0])",
    "    ~~~~~~~~~~~~^^^^^^^^^^^",
    "  File \"<USER_HOME>/miniconda3/lib/python3.13/site-packages/jax/_src/api.py\", line 2564, in try_to_block",
    "    return x.block_until_ready()",
    "           ~~~~~~~~~~~~~~~~~~~^^",
    "jax.errors.JaxRuntimeError: RESOURCE_EXHAUSTED: Failed to allocate request for 381.47MiB (400000000B) on device ordinal 0"
  ],
  "wall_s": 139.0676593349781
}
