=== RUN_BASELINE wt=b0f88263 cache=<gpuwrf_cache> ===
MARKER:PROCESS_START epoch=1782565480.816 tag=fresh_v0211_baseline_20250121 maxdom=3 kwarm=2 mode=fixed fixed_root_steps=2 fixed_repeats=3 defuse=0 fuse=(unset) aot=1 parallel=0
MARKER:LOADED wall_s=140.7 root_dt=18.0 names=('d01', 'd02', 'd03')
MARKER:PREWARM_DONE wall_s=0.0 active=False source=skip:fused-default
[gpuwrf:nested-aot] domain=d01 loaded=false source=fallback:missing path=<gpuwrf_cache>/aot/0.21.1-jax0.10.0-jaxlib0.10.0-cuda_sm120/d01/k_5c4b8863ae0e95a044b2761b9f5ed78679bdac961a8d83a5d03af3f2990ec0f3.xlaexec error=missing AOT artifact(s): <gpuwrf_cache>/aot/0.21.1-jax0.10.0-jaxlib0.10.0-cuda_sm120/d01/k_5c4b8863ae0e95a044b2761b9f5ed78679bdac961a8d83a5d03af3f2990ec0f3.xlaexec, <gpuwrf_cache>/aot/0.21.1-jax0.10.0-jaxlib0.10.0-cuda_sm120/d01/k_5c4b8863ae0e95a044b2761b9f5ed78679bdac961a8d83a5d03af3f2990ec0f3.meta
E0627 14:12:14.921292  675486 slow_operation_alarm.cc:73]
********************************
[Compiling module jit__advance_chunk_fori for GPU] Very slow compile? If you want to file a bug, run with envvar XLA_FLAGS=--xla_dump_to=/tmp/foo and attach the results.
********************************
E0627 14:12:52.688246  675375 slow_operation_alarm.cc:140] The operation took 2m37.767015364s

********************************
[Compiling module jit__advance_chunk_fori for GPU] Very slow compile? If you want to file a bug, run with envvar XLA_FLAGS=--xla_dump_to=/tmp/foo and attach the results.
********************************
[gpuwrf:nested-aot] domain=d01 loaded=false source=fallback:jit-compiled+aot-captured hlo=c4a3ea0d3c33
[gpuwrf:nested-aot] domain=fused/d02 loaded=false source=fallback:missing path=<gpuwrf_cache>/aot/0.21.1-jax0.10.0-jaxlib0.10.0-cuda_sm120/fused_d02/k_0bfd49f5cf3268c648ab3535a9da45fc90a44602469a7090202eed13738cbb92.xlaexec cheap_key=0bfd49f5cf32 error=missing AOT artifact(s): <gpuwrf_cache>/aot/0.21.1-jax0.10.0-jaxlib0.10.0-cuda_sm120/fused_d02/k_0bfd49f5cf3268c648ab3535a9da45fc90a44602469a7090202eed13738cbb92.xlaexec, <gpuwrf_cache>/aot/0.21.1-jax0.10.0-jaxlib0.10.0-cuda_sm120/fused_d02/k_0bfd49f5cf3268c648ab3535a9da45fc90a44602469a7090202eed13738cbb92.meta
[gpuwrf:nested-aot] domain=fused/d02 loaded=false source=fallback:fused-jit-compiled+aot-captured hlo=99f2f0fc95bb cheap_key=0bfd49f5cf32
[gpuwrf:nested-aot] domain=fused/d02 loaded=false source=fallback:missing path=<gpuwrf_cache>/aot/0.21.1-jax0.10.0-jaxlib0.10.0-cuda_sm120/fused_d02/k_9b5bb83fd479e8e689347913bb9b290e6d21eb526376fd93f2a51f3284416909.xlaexec cheap_key=9b5bb83fd479 error=missing AOT artifact(s): <gpuwrf_cache>/aot/0.21.1-jax0.10.0-jaxlib0.10.0-cuda_sm120/fused_d02/k_9b5bb83fd479e8e689347913bb9b290e6d21eb526376fd93f2a51f3284416909.xlaexec, <gpuwrf_cache>/aot/0.21.1-jax0.10.0-jaxlib0.10.0-cuda_sm120/fused_d02/k_9b5bb83fd479e8e689347913bb9b290e6d21eb526376fd93f2a51f3284416909.meta
[gpuwrf:nested-aot] domain=fused/d02 loaded=false source=fallback:fused-jit-compiled+aot-captured hlo=99f2f0fc95bb cheap_key=9b5bb83fd479
[gpuwrf:nested-aot] domain=d01 loaded=true source=aot_blob
CALL FIXED_FIRST root_steps=2 wall_s=985.1949 finite=True vram_mib=17560 rss_peak_mib=22328 d01_own=2
[gpuwrf:nested-aot] domain=d01 loaded=true source=aot_blob path=<gpuwrf_cache>/aot/0.21.1-jax0.10.0-jaxlib0.10.0-cuda_sm120/d01/k_5c4b8863ae0e95a044b2761b9f5ed78679bdac961a8d83a5d03af3f2990ec0f3.xlaexec hlo=c4a3ea0d3c33
[gpuwrf:nested-aot] domain=d01 loaded=true source=aot_blob
CALL FIXED_2 root_steps=2 wall_s=32.2616 finite=True vram_mib=17592 rss_peak_mib=22328 d01_own=2
[gpuwrf:nested-aot] domain=d01 loaded=true source=aot_blob path=<gpuwrf_cache>/aot/0.21.1-jax0.10.0-jaxlib0.10.0-cuda_sm120/d01/k_5c4b8863ae0e95a044b2761b9f5ed78679bdac961a8d83a5d03af3f2990ec0f3.xlaexec hlo=c4a3ea0d3c33
[gpuwrf:nested-aot] domain=d01 loaded=true source=aot_blob
CALL FIXED_3 root_steps=2 wall_s=31.1470 finite=True vram_mib=17590 rss_peak_mib=22328 d01_own=2
SUMMARY tag=fresh_v0211_baseline_20250121 maxdom=3 mode=fixed fixed_root_steps=2 fixed_repeats=3 first_s=985.1949 wall_total_s=1048.6035 call_times_s=985.1949,32.2616,31.1470 s_per_step=15.8522 s_per_fc_hour=3170.4305 vram_peak_mib=17592 rss_peak_mib=22328 vram_flat=True rss_flat=True all_finite=True final_d01_own=2
BIT_ID tag=fresh_v0211_baseline_20250121 fixed_mode=True digest_sha256=9709039c987ab45a6cfd4bc2bccf403aa0eabb0f361b7d8b61c39574fb32f4e4 digest_leaves=178 digest_bytes=367594272 digest_path=<v0220_bisect_worktree>/baseline_v0211/proofs/v021/canary_gate/ts_proof_fresh_v0211_baseline_20250121/warmK_state_digest.json
REF_COMPARE tag=fresh_v0211_baseline_20250121 ref_digest=<v0220_bisect_worktree>/target_v0211_digest.json ref_equal=False ref_sha256=519cd3e5c69561d750189ad694e1300bc729df4a0e6348d670d055eb0ab6db8e digest_sha256=9709039c987ab45a6cfd4bc2bccf403aa0eabb0f361b7d8b61c39574fb32f4e4
