[with_gpu_lock] m0-core-w1-w2-w3-session waiting for GPU lock (/tmp/wrf_gpu2_gpu.lock, timeout 0s)...
[with_gpu_lock] m0-core-w1-w2-w3-session ACQUIRED GPU lock -> running: <USER_HOME>/miniconda3/bin/python <USER_HOME>/src/wrf_gpu2_wt/v0250-m0-review10-device-session/scripts/v025/m0_three_window_executor.py --manager-core-session-held --receipt .agent/sprints/2026-07-30-v0250-m0-review10-device-session/GPU_COORDINATION_RECEIPT.json
[with_gpu_lock] m0-core-w1-w2-w3-session GPU memory at acquire: 0, NVIDIA GeForce RTX 5090, 28142, 32607, 3964
{
  "authorization": {
    "canonical_lock": {
      "exported_label": "m0-core-w1-w2-w3-session",
      "holder_file": "/tmp/wrf_gpu2_gpu.lock.holder",
      "holder_record": "holder=m0-core-w1-w2-w3-session pid=2983997 since=2026-07-30T06:25:58Z token=gpuwrf-lock-2983997-9930-1785392758608982630 cmd=<USER_HOME>/miniconda3/bin/python <USER_HOME>/src/wrf_gpu2_wt/v0250-m0-review10-device-session/scripts/v025/m0_three_window_executor.py --manager-core-session-held --receipt .agent/sprints/2026-07-30-v0250-m0-review10-device-session/GPU_COORDINATION_RECEIPT.json",
      "label_matched": true,
      "token_matched": true
    },
    "cpu_preflight_content_sha256": "771f3700c04a8447c36080ad5106d82cc6dcd51fddfc53596472365d5bfbd5b7",
    "cpu_preflight_path": "<USER_HOME>/src/wrf_gpu2_wt/v0250-m0-review10-device-session/proofs/v025/m0/autotune0_three_window/held_session/cpu_preflight.json",
    "cpu_preflight_sha256": "f89c9be17149d82fc343122de3dffc065f550b3bfb6b49faa5a03458823b8935",
    "label": "m0-core-w1-w2-w3-session",
    "lock_acquisitions": 1,
    "prelock_revalidation_content_sha256": "a259d4831b0c1e6164ffb8cd603063449015676f29ffe885afa3827a13513e66",
    "prelock_revalidation_path": "<USER_HOME>/src/wrf_gpu2_wt/v0250-m0-review10-device-session/proofs/v025/m0/autotune0_three_window/held_session/prelock_revalidation.json",
    "prelock_revalidation_sha256": "24e9667a4c5f54e408b925c2e5ccd028c5bfe6d249dcca2c3f76eaeba08fa7c0",
    "receipt_fingerprint": "080dc746bc700e58474a93bf842943b2e02975d4a5e2ff378340878fb5e5c8ac",
    "receipt_path": ".agent/sprints/2026-07-30-v0250-m0-review10-device-session/GPU_COORDINATION_RECEIPT.json",
    "receipt_spent_at_utc": "2026-07-30T06:25:58.736734+00:00",
    "session_identity_content_sha256": "973e19cffc4ea16cc600d9b8e38d912686f0968422e09fa48c91bcec39939cdc",
    "session_identity_path": "<USER_HOME>/src/wrf_gpu2_wt/v0250-m0-review10-device-session/proofs/v025/m0/autotune0_three_window/held_session/session_preflight_identity.json",
    "session_identity_sha256": "12727462d36abf18c8d556bbc003dac3f01561674dae18fc98948f6c376ea33c",
    "spend_record": {
      "managers": [
        "0:2",
        "0:3"
      ],
      "reason": "authorised window m0-core-w1-w2-w3-session",
      "requested_at_utc": "2026-07-30T06:15:53+00:00",
      "spent_at_utc": "2026-07-30T06:25:58.736734+00:00",
      "window": "m0-core-w1-w2-w3-session"
    },
    "spent_after_cpu_preflight": true,
    "spent_after_input_revalidation": true,
    "spent_before_any_device_child": true,
    "window": "M0_CORE_SESSION"
  },
  "compiler_dump_flags": [],
  "cpu_preflight": {
    "content_sha256": "771f3700c04a8447c36080ad5106d82cc6dcd51fddfc53596472365d5bfbd5b7",
    "path": "<USER_HOME>/src/wrf_gpu2_wt/v0250-m0-review10-device-session/proofs/v025/m0/autotune0_three_window/held_session/cpu_preflight.json",
    "sha256": "f89c9be17149d82fc343122de3dffc065f550b3bfb6b49faa5a03458823b8935"
  },
  "elapsed_seconds": 0.159781819,
  "finished_at_utc": "2026-07-30T06:25:58.869656+00:00",
  "first_failure": {
    "error": "WindowRefusal: cold_empty_cache_readiness_1 child returned 1; log tail: Traceback (most recent call last):\n  File \"<USER_HOME>/src/wrf_gpu2_wt/v0250-m0-review10-device-session/scripts/v025/m0_exact_boundary_child.py\", line 1496, in <module>\n    raise SystemExit(main())\n                     ~~~~^^\n  File \"<USER_HOME>/src/wrf_gpu2_wt/v0250-m0-review10-device-session/scripts/v025/m0_exact_boundary_child.py\", line 1425, in main\n    authorization = consume_authorization_handoff(\n        args.handoff,\n    ...<2 lines>...\n        expected_run_id=args.run_id,\n    )\n  File \"<USER_HOME>/src/wrf_gpu2_wt/v0250-m0-review10-device-session/scripts/v025/m0_exact_boundary_child.py\", line 1368, in consume_authorization_handoff\n    lock = run_gpu_arm.check_canonical_lock(\n        os.environ, expected_label=expected_window\n    )\n  File \"<USER_HOME>/src/wrf_gpu2_wt/v0250-m0-review10-device-session/scripts/v025/run_gpu_arm.py\", line 381, in check_canonical_lock\n    raise WindowNotAuthorised(\n    ...<2 lines>...\n    )\nrun_gpu_arm.WindowNotAuthorised: the exported canonical-lock label differs from the exact authorized label: 'm0-core-w1-w2-w3-session' != 'W1'\n",
    "kind": "SAFETY_CORRECTNESS_OR_IDENTITY_FAILURE",
    "stage": "W1_CACHED_AND_CORRECTNESS"
  },
  "global_deadline_seconds": 4500.0,
  "graph": {
    "first_failure": {
      "error": "WindowRefusal: cold_empty_cache_readiness_1 child returned 1; log tail: Traceback (most recent call last):\n  File \"<USER_HOME>/src/wrf_gpu2_wt/v0250-m0-review10-device-session/scripts/v025/m0_exact_boundary_child.py\", line 1496, in <module>\n    raise SystemExit(main())\n                     ~~~~^^\n  File \"<USER_HOME>/src/wrf_gpu2_wt/v0250-m0-review10-device-session/scripts/v025/m0_exact_boundary_child.py\", line 1425, in main\n    authorization = consume_authorization_handoff(\n        args.handoff,\n    ...<2 lines>...\n        expected_run_id=args.run_id,\n    )\n  File \"<USER_HOME>/src/wrf_gpu2_wt/v0250-m0-review10-device-session/scripts/v025/m0_exact_boundary_child.py\", line 1368, in consume_authorization_handoff\n    lock = run_gpu_arm.check_canonical_lock(\n        os.environ, expected_label=expected_window\n    )\n  File \"<USER_HOME>/src/wrf_gpu2_wt/v0250-m0-review10-device-session/scripts/v025/run_gpu_arm.py\", line 381, in check_canonical_lock\n    raise WindowNotAuthorised(\n    ...<2 lines>...\n    )\nrun_gpu_arm.WindowNotAuthorised: the exported canonical-lock label differs from the exact authorized label: 'm0-core-w1-w2-w3-session' != 'W1'\n",
      "kind": "SAFETY_CORRECTNESS_OR_IDENTITY_FAILURE",
      "stage": "W1_CACHED_AND_CORRECTNESS"
    },
    "schema": "wrf_gpu2.v025.m0.core_session_protocol.v2",
    "stages": [],
    "status": "BLOCKED",
    "suppressed": [
      "C1_SAME_RESULT_AND_FRESH_CPU_COMPARATOR",
      "W2",
      "W3"
    ]
  },
  "held_budget": {
    "global_deadline_seconds": 4500.0,
    "headroom_seconds": 280.0,
    "reservation_seconds": 4220.0,
    "reservations": {
      "C1_SAME_RESULT_AND_FRESH_CPU_COMPARATOR": 60.0,
      "W1_CACHED_AND_CORRECTNESS": 360.0,
      "W1_COLD_DECISION": 1800.0,
      "W2_PROFILED_CAPTURE": 1400.0,
      "W3_CLEAN_MATCHED_ARM": 600.0
    },
    "status": "PASS",
    "worst_branch": "three threshold-censored cold attempts"
  },
  "held_process_group": 2983997,
  "label": "m0-core-w1-w2-w3-session",
  "lock_acquisitions": 1,
  "lock_released_by": "the manager's with_gpu_lock.sh on process exit",
  "native_pallas_reachable": false,
  "orphan_sweep_completed": true,
  "postlock_analysis_runs_after_release": true,
  "prelock_revalidation": {
    "content_sha256": "a259d4831b0c1e6164ffb8cd603063449015676f29ffe885afa3827a13513e66",
    "path": "<USER_HOME>/src/wrf_gpu2_wt/v0250-m0-review10-device-session/proofs/v025/m0/autotune0_three_window/held_session/prelock_revalidation.json",
    "sha256": "24e9667a4c5f54e408b925c2e5ccd028c5bfe6d249dcca2c3f76eaeba08fa7c0"
  },
  "process_group_proof": {
    "active": [],
    "all_registered_groups_empty": true,
    "completed": [
      {
        "empty": true,
        "process_group": 2984009,
        "stage": "cold_empty_cache_readiness_1"
      }
    ],
    "registered": 1,
    "status": "PASS"
  },
  "queue_path": null,
  "receipt_refund_path": null,
  "retry_path": null,
  "schema": "wrf_gpu2.v025.m0.core_session_execution.v1",
  "session_contract": {
    "c1_subgate": {
      "both_required": true,
      "components": [
        "w1_same_result_wrfout_binding_verify_file",
        "fresh_12_rank_cpu_wrf_comparator"
      ],
      "coordination_disclosure": "the fresh 12-rank CPU-WRF arm runs before coordination; C1 spends at most 60 s in-lock verifying the hash-bound output and preparing the exact W2/W3 pair",
      "expected_lock_hold_seconds": 60.0,
      "position": "between W1_CACHED_AND_CORRECTNESS and W2_PROFILED_CAPTURE",
      "runs_inside_the_one_held_lock": true,
      "suppresses_on_failure": [
        "W2",
        "W3"
      ]
    },
    "canonical_lock_acquisitions": 1,
    "cold_protocol": {
      "decision": "two PASS_COLD or two FAIL_COLD",
      "first_cold_miss_suppresses_later_cold_attempts": false,
      "maximum_processes": 3,
      "third_process": "only if first two disagree",
      "threshold_seconds": 600.0,
      "unique_empty_normal_cache_per_process": true
    },
    "contract_sha256": "3ebdbbd608a26be6a9e0c0deb63d1b5cea96a202e0e95fbebb6ce7f8167dc2f1",
    "cpu_preflight": {
      "device_action": false,
      "fresh_12_rank_cpu_wrf": true,
      "position": "before receipt spend and canonical lock acquisition",
      "timeout_seconds": 420.0
    },
    "deferred": {
      "compiler_peak_live_buffers": "M1_SAME_SET_CANDIDATE_DIAGNOSIS_OR_M2_BACKEND_BAKEOFF",
      "native_pallas": "M2_BACKEND_BAKEOFF_ENTRY",
      "ncu_fields": "M2"
    },
    "global_deadline_seconds": 4500.0,
    "held_budget": {
      "global_deadline_seconds": 4500.0,
      "headroom_seconds": 280.0,
      "reservation_seconds": 4220.0,
      "reservations": {
        "C1_SAME_RESULT_AND_FRESH_CPU_COMPARATOR": 60.0,
        "W1_CACHED_AND_CORRECTNESS": 360.0,
        "W1_COLD_DECISION": 1800.0,
        "W2_PROFILED_CAPTURE": 1400.0,
        "W3_CLEAN_MATCHED_ARM": 600.0
      },
      "status": "PASS",
      "worst_branch": "three threshold-censored cold attempts"
    },
    "label": "m0-core-w1-w2-w3-session",
    "machine_authority": {
      "fields": [
        "cpu_closure_gate",
        "milestone_partition"
      ],
      "never": "top_level_status_string",
      "rule": "automation keys M0-CORE acceptance on the structured gate fields only; the descriptive status string is not a gate"
    },
    "receipt": {
      "affirmative_verbatim_required": true,
      "content_addressed": true,
      "invalid_after": [
        "preemption",
        "process_leak",
        "identity_change",
        "global_deadline"
      ],
      "nonqueueing": true,
      "relinquish_immediately_on_manager_request": true,
      "required_managers": [
        "0:2",
        "0:3"
      ],
      "single_use": true,
      "spent_at_authorization": true
    },
    "schema": "wrf_gpu2.v025.m0.core_session_protocol.v2",
    "stage_order": [
      "W1_COLD_DECISION",
      "W1_CACHED_AND_CORRECTNESS",
      "C1_SAME_RESULT_AND_FRESH_CPU_COMPARATOR",
      "W2_PROFILED_CAPTURE",
      "W3_CLEAN_MATCHED_ARM",
      "LOCK_RELEASE",
      "POSTLOCK_CPU_ANALYSIS",
      "POSTLOCK_M0_CORE_FINALIZER"
    ],
    "suppression": {
      "c1_comparator_failure": [
        "W2",
        "W3"
      ],
      "c1_wrfout_binding_failure": [
        "W2",
        "W3"
      ],
      "definitive_w1_failure": [
        "W1_CACHED_AND_CORRECTNESS",
        "W2",
        "W3"
      ],
      "first_cold_miss": [],
      "global_deadline_exceeded": [
        "every_later_stage"
      ],
      "preemption_or_process_leak": [
        "every_later_stage"
      ],
      "receipt_reuse_or_spend_order_failure": [
        "every_stage"
      ],
      "safety_correctness_identity_failure": [
        "every_later_stage"
      ]
    }
  },
  "session_identity": {
    "content_sha256": "973e19cffc4ea16cc600d9b8e38d912686f0968422e09fa48c91bcec39939cdc",
    "path": "<USER_HOME>/src/wrf_gpu2_wt/v0250-m0-review10-device-session/proofs/v025/m0/autotune0_three_window/held_session/session_preflight_identity.json",
    "sha256": "12727462d36abf18c8d556bbc003dac3f01561674dae18fc98948f6c376ea33c"
  },
  "session_proof_path": "<USER_HOME>/src/wrf_gpu2_wt/v0250-m0-review10-device-session/proofs/v025/m0/autotune0_three_window/held_session/m0_core_session.json",
  "session_sha256": "db482baca047ad324341f177329105d682f16fd839d466aa5dc7aefd113114b6",
  "stage_details": {},
  "started_at_utc": "2026-07-30T06:25:58.709869+00:00",
  "status": "BLOCKED"
}
[with_gpu_lock] m0-core-w1-w2-w3-session released GPU lock (rc=1)
